// Jest Snapshot v1, https://goo.gl/fbAQLP

exports[`/ping is a slash command 1`] = `
Object {
  "config": Object {
    "default_permission": undefined,
    "description": "Pong",
    "name": "ping",
    "options": Array [],
  },
  "handle": [Function],
}
`;
